LI',$D4            
CLI',$D4
EXECUT',$C5
BRANC',$C8
0BRANC',$C8
(LOOP',$A9
(+LOOP',$A9
(DO',$A9
DIGI',$D4
(FIND',$A9
ENCLOS',$C5
EMI',$D4
KE',$D9
?TERMINA',$CC
C',$D2
CMOV',$C5
U',$AA
U',$AF
AN',$C4
O',$D2
XO',$D2
SP',$C0
SP',$A1
RP',$A1

LEAV',$C5
>',$D2
R',$BE
0',$BD
0',$BC
D',$AB
MINU',$D3
DMINU',$D3
OVE',$D2
DRO',$D0
SWA',$D0
DU',$D0
+',$A1
TOGGL',$C5
C',$C0
C',$A1
CONSTAN',$D4
VARIABL',$C5
USE',$D2
B',$CC
C/',$CC
FIRS',$D4
LIMI',$D4
B/BU',$C6
B/SC',$D2
+ORIGI',$CE
TI',$C2
WIDT',$C8
WARNIN',$C7
FENC',$C5
D',$D0
VOC-LIN',$CB
BL',$CB
I',$CE
OU',$D4
SC',$D2
OFFSE',$D4
CONTEX',$D4
CURREN',$D4
STAT',$C5
BAS',$C5
DP',$CC
FL',$C4
CS',$D0
R',$A3
HL',$C4
1',$AB
2',$AB
HER',$C5
ALLO',$D4
C',$AC
U',$BC
RO',$D4
SPAC',$C5
-DU',$D0
TRAVERS',$C5
LATES',$D4
LF',$C1
CF',$C1
NF',$C1
PF',$C1
!CS',$D0
?ERRO',$D2
?COM',$D0
?EXE',$C3
?PAIR',$D3
?CS',$D0
?LOADIN',$C7
COMPIL',$C5
SMUDG',$C5
HE',$D8
DECIMA',$CC
(

<BUILD',$D3
DOES',$BE
COUN',$D4
TYP',$C5
-TRAILIN',$C7
(."',$A9
.',$A2
EXPEC',$D4
QUER',$D9
FIL',$CC
ERAS',$C5
BLANK',$D3
HOL',$C4
PA',$C4
WOR',$C4
UPPE',$D2
(NUMBER',$A9
NUMBE',$D2
-FIN',$C4
(ABORT',$A9
ERRO',$D2
  ? '
ID',$AE
CREAT',$C5
[COMPILE',$DD
LITERA',$CC
DLITERA',$CC
?STAC',$CB
INTERPRE',$D4
IMMEDIAT',$C5
VOCABULAR',$D9
FORT',$C8
DEFINITION',$D3
QUI',$D4
OK'
ABOR',$D4
fig-FORTH  1.0'
COL',$C4
S->',$C4
+',$AD
D+',$AD
AB',$D3
DAB',$D3
MI',$CE
MA',$D8
M',$AA
M',$AF
/MO',$C4
MO',$C4
*/MO',$C4
*',$AF
M/MO',$C4
US',$C5
PRE',$D6
+BU',$C6
UPDAT',$C5
FLUS',$C8
EMPTY-BUFFER',$D3
DR',$B0
DR',$B1
BUFFE',$D2
BLOC',$CB
(LINE',$A9
.LIN',$C5
MESSAG',$C5
MSG # '
LOA',$C4
--',$BE
-DIS',$C3
-BC',$C4
R/',$D7
FORGE',$D4
BAC',$CB
BEGI',$CE
ENDI',$C6
THE',$CE
D',$CF
LOO',$D0
+LOO',$D0
UNTI',$CC
EN',$C4
AGAI',$CE
REPEA',$D4
I',$C6
ELS',$C5
WHIL',$C5
SPACE',$D3
<',$A3
#',$BE
SIG',$CE
#',$D3
D.',$D2
D',$AE
.',$D2
LIS',$D4
SCR # '
INDE',$D8
TRIA',$C4
VLIS',$D4
MO',$CE
