# added by jsk
atmos
oricl
strat
tange
teles
prave
novas

earth
ether
other
ethic
ethyl
ethos
oaths
abbey
above
abaft
abhor
aback
abler
abeam
ebony
urban
abase
abuse
abuzz
abyss
obese
obeys
oboes
abate
abbot
abide
abode
abort
about
ebbed
orbit
abets
abuts
obits
abash
offer
evoke
affix
evict
afoul
avail
awful
offal
ovule
uvula
evils
ovals
avian
evens
ovens
event
afire
every
ivory
ovary
avers
avows
eaves
ivies
overs
avast
afoot
after
aphid
avert
avoid
effed
evade
ivied
offed
ovate
overt
ovoid
often
ahead
oohed
argue
auger
augur
eager
occur
ocker
agave
equiv
eject
agile
aglow
eagle
equal
igloo
ogler
ogles
ogled
oakum
acmes
acorn
again
agony
argon
eking
oaken
organ
icons
agent
agape
equip
okapi
aggro
agree
acres
ogres
okras
acrid
egret
aegis
aquas
edges
ukase
urges
exurb
oxbow
execs
exact
axial
exile
axles
exalt
exult
axiom
exams
auxin
axing
axons
exons
expel
expos
expat
excel
exist
exert
exude
oxide
extol
extra
exits
actor
acute
agate
argot
edged
egged
ergot
irked
urged
ioctl
octal
ictus
acted
octet
allay
alley
allow
alloy
early
alibi
elbow
album
alive
aloof
alpha
elver
olive
elfin
elves
aloft
aloha
alack
algae
alike
elegy
algal
alkyd
elect
alarm
ileum
ilium
alums
alien
align
alone
ulnae
ulnar
along
eland
elope
alias
aloes
earls
illus
ulcer
ailed
alder
alert
allot
aloud
altar
alter
elate
elder
elide
elite
elude
oiled
older
oldie
owlet
olden
ultra
altos
amour
amber
ember
iambi
imbue
umber
amble
umbel
umbra
iambs
ambit
embed
oomph
amigo
emoji
image
imago
omega
umiak
email
imams
amine
amino
among
omens
amend
emend
imper
ample
amply
impel
imply
empty
umped
emery
amass
amaze
amiss
amuse
emcee
emirs
aimed
amide
amity
armed
emote
emits
omits
annoy
ennui
inner
owner
unbar
inbox
unbox
unbid
envoy
infer
unify
infix
unfix
anvil
infra
unfed
unfit
anger
enjoy
incur
ionic
ankhs
angel
angle
ankle
uncle
uncap
angry
annex
oinks
angst
enact
ingot
inked
uncut
annul
inlay
inlet
unlit
anime
enema
enemy
unman
unmet
anion
inane
onion
union
anons
anent
unpin
inapt
inept
input
inure
unary
anise
earns
ensue
ounce
unsay
unzip
inced
inset
onset
unset
instr
anode
endow
endue
enter
indie
inert
innit
inter
owned
under
undue
unite
unity
untie
antic
index
intel
until
entry
intro
antes
antis
antsy
aunts
units
anted
ended
undid
unwed
upper
epics
epoxy
apple
apply
opals
opium
aping
opine
oping
opens
upend
opera
apron
apace
apses
upset
apart
apter
upped
optic
aptly
opted
apish
epoch
aerie
array
arrow
eerie
error
erect
eruct
areal
aural
oriel
orals
aroma
arums
arena
irony
urine
irons
erupt
areas
arias
arise
arose
arras
auras
erase
euros
orris
aired
eared
erode
erred
irate
oared
orate
assay
essay
icier
issue
osier
askew
assoc
usage
ascot
asked
aisle
easel
icily
usual
isles
islet
acing
arson
icing
ocean
ozone
using
usurp
aspic
aspen
azure
usury
asses
eases
oases
oasis
oozes
ouzos
users
arced
arsed
aside
asset
aster
astir
eased
ester
oozed
acids
ousts
adder
adieu
aorta
attar
audio
aught
eater
eider
eight
odder
order
otter
ought
outer
outta
udder
utter
adobe
edify
adage
attic
edger
outgo
edict
addle
atoll
ideal
idler
idyll
oddly
atlas
idles
idols
adult
atilt
idled
idiom
odium
admix
adman
admen
admin
atoms
items
admit
adorn
atone
eaten
oaten
adapt
adept
adopt
adore
atria
uteri
aides
artsy
autos
educe
ideas
iotas
adzes
added
aided
audit
idiot
outdo
outed
edits
awake
awoke
awing
owing
aware
ewers
await
award
awash
achoo
aitch
itchy
usher
ashen
aches
ashes
echos
ached
ashed
ayahs
their
thigh
thief
theft
thick
thugs
thole
theme
therm
thumb
thyme
thump
thane
thine
thing
thorn
thank
think
thong
thunk
thins
there
three
threw
throe
throw
throb
thrum
thaws
thees
these
thews
those
thous
theta
third
thuds
bough
burgh
bathe
berth
birth
booth
baths
bobby
booby
babel
bible
bebop
babes
barbs
boobs
burbs
beefy
boffo
bevvy
befog
bevel
barfs
beefs
biffs
buffs
befit
bhaji
badge
baggy
baker
barge
beige
bijou
biker
bodge
bogey
boggy
bogie
budge
buggy
bagel
bugle
begum
bacon
began
begin
begun
bogon
baccy
backs
bakes
barks
beaks
becks
bergs
berks
bikes
bogus
books
boxer
bucks
burgs
buxom
boxen
boxes
boxed
baked
begat
beget
begot
bigot
biked
baler
bally
belay
belie
belle
belly
below
billy
blear
blowy
bluer
bully
burly
bylaw
blurb
blabs
blobs
bulbs
bluff
balky
bilge
black
bleak
block
bloke
bulge
bulgy
bulky
bilks
blags
blocs
blogs
bulks
balmy
blame
bloom
blimp
balms
bling
blini
blown
blank
blink
bland
blend
blind
blond
blunt
bleep
bloop
blips
blare
bails
bales
balls
balsa
bawls
bells
bills
blahs
blaze
bless
bliss
blows
blues
blurs
boils
bolas
boles
bolls
bolus
bowls
bulls
burls
blast
baldy
baled
blade
bleat
bleed
bloat
blood
blued
bluet
blurt
build
built
balds
belts
blats
blitz
blots
bolts
belch
blush
barmy
bimbo
bombs
bumph
bumpy
bumps
beams
berms
booms
bairn
being
binge
bingo
boner
bonny
borne
bunny
banjo
boink
bongo
bunco
bangs
banks
bongs
bonks
bungs
bunks
banal
banes
banns
barns
beans
bonce
bones
bonus
boons
burns
bandy
bendy
boned
bound
burnt
bands
bends
bents
binds
bonds
bunts
bench
bunch
beeps
burps
biped
barer
barre
beery
berry
borer
burro
broth
bribe
brave
bravo
breve
brief
brake
break
brick
broke
brook
borax
brags
brigs
bract
beryl
brawl
brill
broil
bream
broom
brims
baron
boron
brain
brawn
brine
bring
briny
brown
bruin
brink
bronc
brand
brunt
bares
bores
brace
braes
brass
brays
braze
brews
brows
burrs
byres
brisk
bared
beret
bored
braid
bread
breed
bride
broad
brood
bruit
brute
brads
brats
brash
brush
baize
baser
basso
bears
beaus
beers
biers
boars
boors
booze
boozy
bossy
buoys
bursa
busby
basic
basks
busks
basal
basil
bezel
besom
bosom
basin
bison
bicep
bases
basis
bozos
buses
based
baste
beast
beset
besot
boast
boost
burst
busty
bests
busts
baaed
batty
bawdy
beady
beard
beaut
biddy
bight
biter
bitty
board
booed
booty
buddy
butte
butty
batik
badly
betel
bedim
baton
bahts
baits
bards
bates
bauds
bawds
beads
beats
beets
betas
bides
birds
bites
boats
bodes
boots
bouts
butts
bytes
bated
bidet
boded
bower
byway
bowel
bowed
batch
beach
beech
birch
bitch
botch
bushy
butch
bayou
buyer
bayed
faith
firth
forth
fable
fever
fifer
fiver
fifth
faffs
faves
fiefs
fifes
fives
fifty
faker
fakir
foggy
forge
forgo
fudge
fuggy
fugue
phage
focal
fugal
fakes
ficus
fixer
focus
forks
fucks
faxes
fixes
foxes
faxed
fixed
foxed
faked
fjord
facts
fella
filer
filly
flair
floor
flour
folio
folly
fully
phial
phyla
filth
flyby
flubs
fluff
flack
flake
flaky
fleck
flick
flock
fluke
fluky
folic
flags
flogs
folks
phlox
flail
filmy
flame
flume
films
felon
fling
flown
flank
flung
flunk
flans
flint
flaps
flips
flops
flare
flora
fails
falls
false
feels
fells
files
fills
flaws
flays
fleas
flees
flies
floes
floss
flows
flues
foals
foils
fools
fouls
fowls
fuels
fulls
furls
flask
fault
field
filed
filet
fleet
flied
flirt
float
flood
flout
fluid
flute
felts
flats
flits
folds
filch
flash
flesh
flush
femur
foamy
farms
firms
foams
forms
fumes
famed
fumed
fanny
fauna
feign
ferny
finer
finny
funny
phone
fungi
funky
fangs
finks
funks
final
fancy
fauns
fawns
fence
ferns
fines
finis
faint
feint
fiend
fined
found
fount
fends
finds
fonts
funds
finch
fairy
ferry
fiery
firer
foray
freer
friar
furry
froth
frack
freak
frock
frags
frigs
frogs
feral
frail
frill
forum
frame
frump
frown
franc
frank
frond
front
fares
fires
fores
frays
frees
fries
frizz
froze
frisk
frost
farad
fared
fired
fraud
freed
fried
fruit
frats
frets
fritz
fresh
frosh
fryer
fairs
farce
fears
fizzy
force
fossa
fours
furze
fusee
fussy
fuzzy
phase
faces
fazes
fuses
faced
facet
fazed
feast
first
foist
fused
fusty
fasts
fests
fists
faddy
fatty
fight
footy
forte
forty
photo
fatal
fetal
fitly
futon
fades
farts
fates
fatso
feats
feeds
fetus
feuds
fiats
foods
foots
fords
forts
faded
fated
feted
fetid
fatwa
fewer
fetch
fiche
fichu
fishy
phish
foyer
hooey
heath
hobby
hubby
herbs
hobos
habit
heave
heavy
hover
huffy
havoc
hovel
haven
haves
hives
hoofs
huffs
hefty
hived
hafts
hefts
haiku
hedge
hiker
hoick
hokey
hooky
huger
hijab
hajji
hokum
hogan
hacks
hakes
harks
hawks
hicks
hikes
hocks
hokes
hooks
hexes
hexed
hiked
hoked
haler
hello
hilly
holey
holly
halve
helve
helix
hulks
halal
helms
halon
helps
hails
hales
halls
halos
hauls
heals
heels
hills
holes
howls
hulas
hulls
hurls
haled
helot
holed
halts
hilts
holds
hammy
homer
homey
humph
human
hymen
hymns
humps
harms
homes
homos
humus
homed
humid
henna
hinge
honer
honey
horny
honky
hunky
hangs
hanks
honks
hunks
hence
hings
hones
horns
handy
haunt
honed
hound
hands
hinds
hints
hunts
hunch
happy
harpy
hippo
hippy
hyper
haply
harps
heaps
hoops
hopes
hypes
hypos
hoped
hyped
hairy
harry
hoary
houri
hurry
harem
heron
hares
hires
horas
hared
hired
hairs
hazer
hears
heirs
highs
hoers
horse
hours
house
hussy
husky
husks
hazel
hasps
hazes
hoses
haste
hasty
hazed
heist
hoist
hosed
hosts
hardy
hater
heady
heard
heart
hider
hoard
horde
howdy
hdqrs
hotel
hotly
hydra
hydro
harts
hates
heads
heats
heeds
herds
hertz
hides
hoods
hoots
hurts
hadst
hated
hided
hewer
hawed
hewed
harsh
hatch
hitch
hooch
hutch
hyena
hying
hayed
gooey
queer
queue
girth
quoth
goths
cabby
caber
cuber
gabby
kebab
cubic
cabal
cable
gable
cabin
cobra
carbs
cubes
curbs
garbs
jibes
cubed
cubit
jabot
jibed
carve
caver
cough
cover
covey
curve
curvy
gaffe
giver
gofer
goofy
guava
jiffy
quaff
quiff
cavil
gavel
coven
given
caffs
caves
coifs
coves
cuffs
gaffs
gives
goofs
gyves
jiffs
jives
caved
covet
gyved
jived
gifts
khaki
khans
cohos
jihad
cacao
cadge
cagey
cargo
cocky
cocoa
corgi
gauge
gawky
gecko
geeky
gorge
gouge
jerky
joker
jokey
judge
kicky
kooky
quack
quake
quaky
quark
quick
quirk
cages
cakes
cocci
cocks
cocos
cokes
cooks
corks
gawks
geeks
gooks
jacks
jerks
jocks
jokes
kicks
kikes
kooks
cacti
caged
caked
coked
joked
calla
clear
coley
coyly
curly
gaily
ghoul
girly
gluey
golly
guile
gully
jello
jelly
jolly
joule
jowly
koala
quail
quell
quill
cloth
globe
clubs
globs
calve
cliff
clove
clvii
glove
glyph
clefs
golfs
gulfs
cleft
caulk
clack
clerk
click
cloak
clock
cluck
colic
gulag
kluge
calyx
clogs
clxii
clxiv
clxvi
clxix
claim
climb
clime
gleam
gloom
qualm
clamp
clomp
clump
calms
clams
clean
cling
clone
clown
colon
glean
gluon
clang
clank
clink
clonk
clung
clunk
clans
glans
glens
kilns
gland
glint
julep
claps
clips
clops
gulps
glare
glory
calls
class
claws
clews
close
cloys
clues
coals
coils
colas
cools
cowls
culls
curls
galas
gales
galls
gills
girls
glass
glaze
gloss
glows
glues
goals
gulls
jails
jells
jowls
keels
kills
kilos
kolas
clasp
clade
cleat
cloud
clout
clued
could
gelid
glade
glide
gloat
glued
guild
guilt
quilt
clits
clods
clots
colds
colts
cults
gelds
gilds
gilts
glads
glitz
gluts
golds
jilts
jolts
kilts
klutz
clash
gulch
cameo
comer
comma
gamer
gamma
gammy
gimme
gummy
jammy
jemmy
jimmy
karma
korma
combo
gumbo
jumbo
combs
jambs
comfy
comic
camel
cumin
gamin
campy
compo
gimpy
jumpy
camps
comps
gimps
jumps
comas
comes
corms
games
germs
comet
gamed
gamut
cairn
caner
canny
canoe
carny
corny
cuing
genie
genii
going
goner
gonna
guano
gunny
jenny
jinni
queen
quine
quoin
conga
conic
ganja
gunge
gungy
gunky
junco
kanji
kinky
conks
gangs
gongs
gonks
jinks
junks
kinks
canal
canon
genre
canes
coins
cones
coons
corns
gains
genes
genus
gonzo
goons
gowns
jeans
johns
joins
keens
kines
kings
koans
quins
canst
candy
caned
canto
condo
coned
count
gaunt
giant
gonad
jaunt
joint
junta
kinda
quint
cants
cunts
gents
kinds
contd
conch
caper
carpi
copay
coupe
coypu
cuppa
guppy
kappa
kapok
capon
japan
copra
capes
capos
carps
coops
copes
copse
corps
coups
gapes
gawps
gorps
gypsy
japes
jeeps
keeps
kepis
quips
caped
coped
cupid
gaped
japed
kaput
carer
carry
corer
crier
curer
curia
curie
curio
curry
juror
query
quire
carob
grebe
crabs
cribs
grabs
grubs
crave
graph
grave
gravy
grief
grove
gruff
craft
croft
cruft
graft
crack
creak
creek
crick
croak
crock
crook
crags
groks
carol
coral
crawl
creel
cruel
grail
grill
growl
gruel
kraal
krill
carom
cream
creme
crime
crumb
grime
grimy
groom
cramp
crimp
grump
crams
grams
crane
crone
crony
croon
crown
grain
green
groan
groin
grown
krone
crank
grans
grins
grand
grant
grind
grunt
crape
creep
crepe
croup
grape
gripe
grope
group
craps
crops
greps
grips
crept
crypt
cares
cores
crass
craws
crays
craze
crazy
cress
crews
cries
cross
crows
cruse
cures
giros
gores
grace
grass
graze
gross
grows
grues
gurus
gyros
crisp
grasp
crest
crust
grist
carat
cared
caret
cored
crate
credo
creed
cried
crowd
crude
cruet
cured
gored
grade
grate
great
greed
greet
groat
grout
karat
kraut
grads
grids
grits
crash
crush
cause
curse
gassy
gauze
gauzy
gazer
gears
geese
goers
goose
gorse
guess
guise
gussy
jazzy
jeers
joeys
juice
juicy
kazoo
quasi
quays
kiosk
casks
gizmo
cozen
cusps
gasps
cases
coxes
gases
gazes
cased
caste
coast
coxed
gazed
ghost
guest
gusto
gusty
joist
joust
quest
casts
costs
gusts
jests
cater
catty
coder
cooed
court
cuter
cutey
cutie
gator
gaudy
geode
giddy
goody
gotta
gourd
gouty
guard
guide
gutty
jetty
kiddo
kitty
quart
quiet
quirt
quite
quoit
quota
quote
codex
godly
codon
cutup
getup
cadre
cards
carts
coats
codas
codes
coeds
coots
cords
cotes
curds
gaits
gates
ghats
girds
girts
gites
goads
goats
goods
gutsy
jades
jatos
karts
kites
kudos
kudzu
quads
quids
quits
cadet
coded
gated
jaded
kited
cower
jewel
kiwis
cawed
cowed
jawed
cache
catch
coach
couch
cushy
gushy
ketch
quash
coyer
gayer
kayak
kayos
guyed
joyed
keyed
lough
lathe
lithe
loath
laths
labia
lobar
lobby
label
libel
lobes
lubes
lobed
lubed
larva
laugh
leafy
leave
levee
lever
lifer
liver
lover
lovey
level
liven
laves
leafs
lives
loafs
loves
luffs
laved
lefty
lived
livid
lofty
loved
lefts
lifts
lofts
lager
large
largo
leaky
ledge
leggy
liege
liker
lodge
lucky
lurgy
logic
legal
local
locum
liken
login
logon
lucre
lacks
lakes
larks
laxer
leaks
leeks
lexer
licks
likes
locks
locos
locus
loges
logos
looks
lucks
luges
lurks
lxvii
laxly
lexis
legit
liked
lolly
lowly
lilac
lilos
lolls
lulls
lulus
lilts
lamer
lemma
lemme
lemur
limey
llama
loamy
limbo
lambs
limbs
lymph
lemon
lumen
limns
lumpy
lamps
limps
lumps
lamas
lames
limes
limos
looms
lamed
limed
limit
lanai
learn
liner
lingo
llano
loner
loony
lunar
lanky
lunge
links
longs
lungs
linen
lance
lanes
lawns
leans
liens
lines
lings
lions
loans
loins
loons
lento
lined
linty
lands
lends
lints
lunch
lynch
leper
lippy
loopy
lapel
lapin
lapse
leaps
loops
lopes
lupus
leapt
lepta
lipid
loped
leery
lorry
lyric
loris
lures
lyres
lured
lurid
lairs
laser
lasso
lease
leers
liars
loose
loser
lours
louse
lousy
luaus
lisle
lisps
laces
lases
lazes
loses
laced
lased
lazed
least
licit
lucid
lusty
lasts
lists
lusts
laird
laity
lardy
later
latte
light
lotto
latex
ladle
laden
letup
lades
lards
lauds
leads
lidos
loads
lodes
loots
lords
lotus
louts
lutes
laded
lower
lowed
larch
latch
leach
leash
leech
lurch
layer
loyal
lying
layup
mirth
mouth
meths
moths
myths
maybe
mafia
mauve
morph
mover
movie
maven
miffs
moves
muffs
moved
mufti
macaw
major
maker
marge
mecca
merge
midge
mucky
muggy
murky
magic
mogul
magma
macro
micro
mages
magus
makes
marks
micks
mikes
mixer
mocks
moxie
mucks
mucus
murks
maxim
maxes
maxis
mixes
maxed
mixed
miked
mealy
miler
molar
molly
milfs
milky
milks
mulct
melon
mails
males
malls
mauls
meals
mewls
miles
mills
moils
moles
molls
mules
mulls
malty
multi
malts
melds
melts
milts
milch
mulch
mamma
mammy
mommy
mummy
mamba
mambo
mimic
mumps
maims
mamas
memes
memos
mimes
mimed
mania
manna
manor
meany
miner
mingy
minor
money
mourn
month
manga
mange
mango
mangy
manic
manky
minks
monks
mungs
manly
minim
mains
manes
manse
means
menus
miens
mince
mines
minis
minus
moans
moons
morns
maned
manta
meant
mined
minty
monad
mound
mount
mends
minds
mints
munch
moper
mopey
maple
mopes
moped
maria
marry
merry
moire
moray
myrrh
moral
morel
mural
moron
mares
meres
mires
mores
merit
mired
maize
maser
mercy
messy
mezzo
miser
moors
moose
mosey
mossy
moues
mouse
mousy
mussy
muzzy
music
musky
muzak
masks
mason
meson
maces
mazes
mesas
muses
maced
mayst
misdo
misty
moist
mused
musty
masts
mists
musts
mater
matey
matte
meaty
media
meter
middy
might
moody
mooed
motor
motto
muddy
muter
motif
medic
madly
medal
metal
modal
model
motel
madam
modem
metro
maids
marts
mates
matzo
meats
meets
metes
midis
mites
mitts
moats
modes
moods
moots
motes
mutes
mutts
midst
mated
meted
motet
muted
mower
mewed
mowed
macho
march
marsh
match
mocha
mooch
mushy
mayor
neigh
neath
north
nubby
nabob
noble
nobly
knobs
knave
knife
naive
nerve
nervy
never
niffy
novae
navvy
naval
navel
novel
naifs
naves
nevus
novas
nifty
nohow
knack
knock
narky
nigga
nooky
nudge
nacre
negro
narcs
necks
nicks
nooks
nukes
nexus
nixes
nixed
naked
nuked
gnarl
kneel
knell
knoll
knurl
newly
nylon
nails
noels
nulls
knelt
gnome
nimbi
nimby
numbs
nymph
names
norms
named
nomad
known
nanny
ninny
ninth
ninja
naans
nines
nonce
nouns
nappy
nippy
napes
neaps
gnaws
knees
knows
nears
newsy
nicer
niece
nisei
noise
noisy
noose
nurse
nasal
noses
nasty
nosed
nests
knead
kneed
nadir
naiad
natty
needy
nerdy
night
noddy
nuder
nutty
natal
nodal
nitro
gnats
knits
knots
needs
nerds
newts
nodes
notes
nudes
noted
newer
noway
newel
gnash
knish
nacho
natch
niche
notch
pithy
paths
pubic
pubes
pubis
peeve
puffy
paves
pervs
poofs
poufs
puffs
paved
pivot
pager
parka
parky
peaky
pekoe
perky
picky
piggy
piker
pique
poker
pokey
porgy
porky
pudgy
pukka
purge
pygmy
pagan
pecan
packs
pages
parks
peaks
pecks
peeks
pekes
perks
picks
pikes
pixie
pocks
pokes
pucks
pukes
pixel
poxes
pyxes
paged
picot
piked
poked
puked
pacts
paleo
paler
pally
pearl
polar
polio
plebe
plebs
pilaf
pluck
polka
plugs
palmy
plumb
plume
plumy
plump
palms
plums
plain
plane
pylon
plank
plonk
plunk
plans
plant
polyp
pulpy
plops
pulps
pails
pales
palls
palsy
pawls
peals
peels
piles
pills
place
plays
plaza
pleas
plies
ploys
poles
polls
polys
pools
pules
pulls
pulse
purls
paled
piled
pilot
plaid
plait
plate
platy
plead
pleat
plied
poled
puled
pelts
plats
plods
plots
plash
plush
pommy
pimps
pumps
perms
poems
pumas
paean
penny
peony
piano
piing
piney
pinny
porno
panic
pinko
pangs
pinks
pongs
punks
panel
penal
pinup
pains
panes
pansy
pawns
peens
pence
penis
peons
pines
pings
ponce
poncy
pones
paint
panda
panto
pined
pinto
point
pound
pwned
pants
pends
pints
ponds
punts
pinch
punch
paper
pappy
peppy
piper
poppa
poppy
pupae
puppy
papal
pupal
pupil
popup
papas
peeps
pipes
poops
popes
piped
pipit
parer
parry
prier
prior
puree
purer
probe
privy
proof
prove
profs
prick
prigs
proxy
peril
prole
prowl
prime
promo
primp
prams
proms
prawn
preen
prion
prone
prune
prang
prank
prong
print
preps
props
paras
pares
pores
prays
press
preys
price
pries
prize
prose
prosy
prows
purrs
pyres
prism
pared
pored
prate
pride
pried
proud
prude
prats
prods
pacer
pacey
pairs
parse
pause
peace
pears
peers
piece
piers
pious
pizza
poesy
poise
poohs
poser
posse
pours
purse
pussy
pesky
psalm
paces
pesos
poses
pzazz
paced
pasta
paste
pasty
pesto
piste
posed
posit
pseud
pasts
pests
posts
psych
paddy
party
patty
peaty
peter
petty
piety
pitta
pooed
potty
putty
pedal
petal
piton
padre
parts
pates
patsy
pitas
poets
ports
pouts
putts
pewee
power
pawed
pewit
parch
pasha
patch
patio
peach
perch
pitch
poach
pooch
porch
pouch
pshaw
pushy
payee
payer
payed
wrath
wroth
rabbi
rebel
robin
rebus
robes
rubes
rabid
rebid
rebut
robed
robot
raver
reeve
refer
reify
revue
rifer
river
rough
rover
ravel
revel
rifle
rival
raven
riven
raves
reefs
riffs
rives
roofs
roves
ruffs
raved
refit
rived
rivet
roved
rafts
rifts
rehab
ragga
rajah
recur
reorg
ridge
ridgy
rocky
roger
rogue
rouge
wrack
wreak
wreck
rugby
rejig
regal
recon
recap
racks
ragas
rages
rakes
recce
reeks
regex
ricks
rocks
rooks
rucks
raged
raked
react
recto
rigid
rally
relay
ruler
wryly
relic
relax
realm
rails
reals
reels
rials
riles
rills
roils
roles
rolls
rules
riled
ruled
ramie
rearm
rheum
rhyme
romeo
roomy
rummy
rumba
remix
roman
remap
ramps
romps
rumps
reams
rimes
roams
rooms
remit
rimed
rainy
ranee
reign
renew
rhino
ruing
runny
wring
range
rangy
runic
wrong
wrung
ranks
rinks
rungs
renal
rains
reins
rings
rinse
roans
ruins
runes
wrens
randy
rondo
round
runty
rants
rends
rents
rinds
runts
ranch
raper
repay
riper
roper
rupee
repel
reply
ripen
rapes
reaps
ropes
wraps
raped
rapid
roped
rarer
rural
reran
rerun
rares
rared
racer
raise
razor
rears
resew
resow
reuse
rheas
ricer
riser
roars
rouse
risky
risks
rusks
resin
risen
rosin
raspy
rasps
races
razes
rices
rises
roses
ruses
raced
razed
resat
reset
resit
riced
roast
roost
roust
rusty
wrest
wrist
rests
rusts
radar
radii
radio
rater
ratty
ready
reedy
retie
rider
right
rodeo
rotor
route
rowdy
ruddy
ruder
rutty
write
wrote
radon
retro
retry
raids
rates
reads
reeds
rides
riots
rites
ritzy
roads
roods
roots
rotas
routs
writs
rated
redid
redye
rawer
rower
rowel
rowan
rewed
rowed
ratio
reach
retch
roach
rushy
wryer
riyal
royal
rayon
sough
saith
sooth
south
sober
sable
sibyl
sebum
sabra
zebra
zebus
sabot
safer
saver
savoy
serve
servo
sever
sieve
suave
xviii
savvy
civic
civil
seven
safes
saves
serfs
sofas
surfs
civet
saved
softy
sifts
sahib
cigar
circa
sager
saggy
sarge
sarky
scour
sedge
sedgy
segue
serge
sicko
siege
skier
soggy
squaw
sugar
surge
scuba
squab
squib
scabs
scarf
scoff
scuff
scurf
skiff
skive
xcvii
scags
cecal
cycle
scale
scaly
scowl
scull
skill
skoal
skull
skulk
scalp
scald
scold
cecum
sigma
scamp
skimp
scams
scums
skims
scone
scorn
skein
skunk
scans
skins
scant
skint
scarp
scoop
scope
skips
sacra
scare
scary
score
scree
screw
scrub
scrag
scrog
scram
scrim
scrum
scrap
scrip
scrod
sacks
sagas
sages
scars
scows
seeks
sicks
skews
skies
skuas
soaks
socks
souks
sucks
xxiii
sixth
xxvii
xxxii
xxxiv
xxxix
xxxvi
saxes
sexes
sixes
sexed
sixty
scoot
scout
skate
skeet
skied
skirt
squad
squat
squid
scads
scats
scuds
sects
skids
skits
cello
cilia
sally
silly
solar
sully
surly
sloth
celeb
slabs
slobs
salve
salvo
slave
solve
sulfa
sylph
silky
slack
slake
sleek
slick
sulky
silks
slags
slogs
slugs
sulks
slyly
slime
slimy
xylem
slump
slams
slims
slums
salon
slain
sling
slang
slink
slung
slunk
slant
sleep
sloop
slope
slurp
slaps
slips
slops
slept
cells
sails
sales
salsa
seals
sells
sills
silos
slays
slews
slice
sloes
slows
slues
slurs
soils
soles
solos
souls
salad
salty
silty
slate
sleet
slide
slued
soled
solid
zloty
salts
silts
slats
sleds
slits
slots
sluts
slash
slosh
slush
zilch
samey
seamy
smear
smith
samba
smurf
smack
smirk
smock
smoke
smoky
sumac
smogs
small
smell
smile
smelt
semen
sumps
sames
seams
seems
semis
zooms
smart
smite
smote
smuts
smash
saner
sauna
scene
scion
seine
senna
senor
sinew
singe
sneer
snowy
sonar
sonny
suing
sunny
zingy
synth
snobs
snubs
snafu
snarf
sniff
snuff
cynic
snack
snake
snaky
snark
sneak
snick
sonic
sangs
sinks
snags
snogs
snugs
songs
syncs
zincs
snail
snarl
zonal
xenon
snipe
snoop
sunup
snaps
snips
snare
snore
sense
signs
since
sines
sings
sinus
snows
zines
zings
zones
saint
sandy
scent
snide
snood
snoot
snort
snout
sound
synod
zoned
cents
sands
sends
snits
snots
cinch
sappy
sepia
soapy
soppy
soupy
spear
spoor
super
zappy
zippy
spiff
spoof
spivs
spake
spark
speak
speck
spike
spiky
spoke
spook
specs
spics
sepal
spell
spiel
spill
splay
spoil
spool
suppl
splat
split
sperm
spume
spumy
spams
spawn
spine
spiny
spoon
spurn
spank
spunk
spans
spins
spend
spent
spare
spire
spiry
spore
spray
spree
supra
sprig
sprog
sprat
seeps
soaps
soups
space
spars
spays
spews
spice
spicy
spies
spurs
spasm
septa
spade
spate
speed
spied
spite
sport
spout
spurt
sputa
spats
spits
spots
spuds
cirri
serer
sorer
sorry
surer
serif
xrefs
xerox
serum
saran
siren
syrup
saris
sires
sores
zeros
sired
cease
sassy
sauce
saucy
sears
seers
seize
sighs
sissy
sizer
soars
sours
souse
sisal
sysop
sises
sizes
sized
zesty
cysts
zests
cedar
ceder
cider
satay
seedy
sight
sitar
sooty
sorta
stair
steer
suede
suety
suite
stabs
stubs
staff
staph
stave
stiff
stove
stuff
sadhu
stack
stage
stagy
stake
stark
steak
stick
stock
stoic
stoke
stork
stuck
stags
sadly
sidle
stale
stall
steal
steel
stile
still
stole
stool
style
styli
stalk
stilt
steam
storm
xterm
stamp
stomp
stump
stems
satin
sedan
stain
stein
steno
stern
sting
stone
stony
stank
stink
stung
stunk
stuns
stand
stent
stint
stunt
setup
steep
stoop
stoup
steps
stops
satyr
stare
store
story
straw
stray
strew
stria
strum
strap
strep
strip
strop
strut
cedes
certs
cites
sades
sates
seats
seeds
setts
sides
sites
sodas
sorts
stars
stays
stews
sties
stirs
stows
sudsy
suits
zetas
ceded
cited
sated
sided
sited
staid
start
state
stdio
stead
steed
stoat
stood
stout
study
stats
stets
studs
stash
sewer
sower
swear
swath
swabs
swift
swags
swigs
swell
swill
swirl
swami
swarm
swamp
swims
swain
swine
swing
swoon
sworn
swank
swung
swans
sweep
swipe
swoop
swaps
swept
swore
sways
swizz
sawed
sewed
sowed
sward
sweat
swede
sweet
sword
swats
swots
swash
swish
sushi
zorch
schmo
schwa
dough
death
teeth
tithe
tooth
debar
derby
tabby
taboo
tabor
tibia
tubby
tuber
turbo
debug
tabla
table
tubal
dobro
daubs
tubas
tubes
debit
debut
doubt
tubed
debts
daffy
defer
deify
diver
taffy
tough
turfy
divvy
defog
devil
divan
diffs
divas
dives
doffs
doves
duffs
tiffs
toffs
turfs
davit
dived
divot
duvet
tufts
dhows
dhoti
decay
decor
decoy
dirge
dodge
dodgy
doggy
dogie
dorky
ducky
tacky
taiga
taker
tiger
toque
tuque
decaf
decal
ducal
dogma
taken
token
decry
dagos
decks
degas
dicks
dikes
dirks
docks
doges
dorks
ducks
dukes
dykes
tacks
tacos
takes
taxer
teaks
ticks
togas
tokes
tucks
tykes
toxic
taxon
toxin
taxes
taxis
tuxes
taxed
texts
dicta
digit
diked
ducat
toked
ducts
daily
dally
delay
dilly
doily
dolly
dully
tally
telly
tiler
tulle
delve
delft
talky
talks
telex
talon
tulip
dales
deals
delis
dells
dials
dills
doles
dolls
duels
dulls
tails
tales
talus
teals
tells
tiles
tills
toils
tolls
tools
dealt
delta
dildo
doled
tilde
tiled
dolts
tilts
demur
dimer
dummy
tamer
timer
tummy
demob
dumbo
tombs
dimly
demon
damns
dumpy
tempo
damps
dumps
tamps
temps
tempt
dames
deems
demos
dimes
domes
dooms
dorms
tames
teams
teems
terms
times
tomes
domed
tamed
timed
timid
tumid
dding
deign
dinar
diner
dingo
dingy
doing
donor
downy
dunno
tawny
teeny
tenor
tinge
tinny
toner
tonne
tuner
tunny
tenth
dinky
tango
tangy
tonic
tunic
dangs
dongs
dungs
dunks
tangs
tanks
tongs
tonal
denim
tenon
dance
darns
dawns
deans
dense
dines
dings
donas
downs
dunce
dunes
tansy
tarns
teens
tense
terns
tines
tings
tones
towns
tunas
tunes
turns
dandy
daunt
dined
taint
taunt
tenet
toned
tuned
dents
tends
tents
tints
tench
dippy
doper
dopey
duper
taper
tapir
taupe
tepee
topee
depth
topic
duple
tuple
deeps
dipso
dopes
dupes
tapas
tapes
tarps
tipsy
topaz
turps
types
typos
depot
doped
duped
taped
tepid
typed
dairy
darer
deary
diary
direr
dowry
drear
drier
tarry
teary
terry
trier
truer
troth
truth
tribe
drabs
drubs
drive
drove
trove
draft
drift
drake
track
trick
trike
truck
drags
dregs
drugs
treks
trugs
tract
drawl
drill
droll
drool
trail
trawl
trial
trill
troll
truly
drama
dream
durum
tramp
tromp
trump
drams
drums
trams
trims
drain
drawn
drone
drown
train
drank
drink
drunk
trunk
trans
trons
trend
drape
droop
drupe
tripe
troop
trope
drips
drops
traps
trips
dares
draws
drays
dress
dries
dross
tares
taros
tires
torus
trace
trays
treas
trees
tress
trews
treys
trice
tries
trios
trows
troys
truce
trues
truss
tyros
trust
tryst
dared
dread
dried
droid
druid
tared
tarot
tired
trade
trait
tread
treat
treed
triad
tried
trite
trout
trued
trots
trash
dryer
dryad
daisy
dears
deice
deuce
dicey
dizzy
doers
doors
douse
dowse
tarsi
taser
tears
tease
terse
tiers
tizzy
torso
tours
disco
dusky
desks
discs
disks
tasks
tusks
deism
dozen
daces
dazes
dices
doses
dozes
dazed
deist
diced
dosed
dozed
durst
dusty
tacit
taste
tasty
testy
toast
dusts
tests
daddy
dater
deity
deter
diode
dirty
ditto
ditty
doter
dotty
dowdy
tardy
tarty
tater
tatty
teddy
tight
titty
toady
today
toddy
torte
tutor
tutti
detox
tidal
title
total
datum
totem
titan
tetra
darts
dates
deeds
diets
ditsy
dodos
dotes
dudes
duets
tarts
teats
tides
toads
toots
torts
totes
touts
turds
tutus
didst
dated
doted
duded
tided
toted
dower
tower
dweeb
dwarf
tweak
twerk
twigs
twixt
dowel
dwell
towel
twill
twirl
dwelt
twain
tween
twine
twang
twink
twins
twerp
twice
twist
towed
tweed
tweet
twats
twits
dacha
dishy
ditch
duchy
dutch
teach
titch
torch
touch
techs
doyen
dying
tying
dyers
toyed
weigh
wooer
withe
worth
verbs
vibes
verve
wafer
waive
waver
weave
wharf
whiff
woven
vivas
waifs
waves
wives
woofs
vivid
waved
wived
wafts
wefts
vague
verge
vicar
vogue
wacko
wacky
wadge
wager
wedge
whack
wodge
vocab
vigil
vocal
vegan
wagon
waken
woken
vagus
veges
wacks
wages
wakes
weeks
wicks
wikis
works
vixen
waxen
vexes
waxes
vexed
waxed
waged
waked
value
velar
viler
villa
villi
viola
voile
wally
welly
whale
wheal
wheel
while
whirl
whole
whorl
willy
valve
vulva
wolfs
whelk
walks
velum
whelm
whelp
vales
veils
vials
viols
voles
wails
wales
walls
weals
wells
wiles
wills
valet
valid
vault
waldo
waled
wield
wiled
world
would
velds
volts
waltz
welds
welts
wilds
wilts
wolds
welsh
wormy
wombs
woman
women
wimpy
vamps
wimps
warms
whams
whims
worms
vomit
venue
wanna
weeny
whine
whiny
wonky
wanks
winks
wonks
venal
vinyl
wanly
venom
vanes
veins
vines
wains
wanes
warns
weans
weens
whens
wince
wines
wings
winos
vaunt
viand
waned
windy
wined
wound
vends
vents
wands
wants
wends
winds
wench
winch
viper
weepy
whoop
wiper
vapes
veeps
warps
weeps
whips
whops
whups
wipes
vaped
vapid
wiped
vireo
weary
where
whore
worry
viral
virus
wares
warez
wires
wired
veers
versa
verse
verso
views
visor
voice
wazoo
wears
weirs
whose
whoso
wiser
woozy
worse
wussy
whisk
wispy
wasps
wisps
vases
vices
visas
vises
wises
viced
vised
visit
vista
waist
waste
weest
whist
wised
worst
wurst
vasts
vests
video
vitae
voter
wader
warty
water
weedy
weird
wheat
white
wider
widow
wight
witty
woody
wooed
wordy
width
vodka
vital
wetly
widen
voids
votes
wades
wadis
waits
wards
warts
watts
weeds
whats
whets
whits
woods
words
voted
waded
vowel
vowed
wowed
vetch
vouch
washy
watch
which
witch
vying
chair
cheer
chewy
choir
shear
sheer
shier
showy
chubs
chafe
chaff
chief
chive
chivy
shave
sheaf
shove
chefs
shivs
shaft
shift
check
cheek
chick
chock
choke
chuck
shack
shake
shaky
shark
shirk
shock
shook
shuck
chocs
chugs
shags
chill
churl
shale
shall
shawl
shell
shill
shoal
shyly
shelf
chalk
child
shalt
charm
chemo
chime
chyme
shame
champ
chimp
chomp
chump
chums
shams
shims
chain
china
chine
chino
churn
sheen
shewn
shine
shiny
shone
shown
chink
chunk
shank
chins
shins
shuns
chant
shunt
cheap
cheep
chirp
shape
sharp
sheep
chaps
chips
chops
ships
shops
chary
chore
share
shire
shirr
shore
shrew
tiara
shrub
shrug
shred
chaos
chars
chase
chess
chews
chose
chows
ciaos
shahs
shays
shews
shies
shoes
shoos
shows
chasm
chest
chard
chart
cheat
chert
chide
chord
chute
shade
shady
shard
sheet
shied
shirt
shoat
shoot
short
shout
chads
chats
chits
shads
sheds
shits
shots
shuts
shush
shyer
youth
yobbo
yahoo
yucca
yucky
yukky
yogic
yokel
yeggs
yikes
yogis
yokes
yoked
yolks
yelps
yawls
yells
yowls
yield
yummy
yearn
young
yanks
yonks
yarns
yawns
yeahs
years
yours
yeses
yeast
yodel
yards
yetis
yurts
yawed
yacht
arbor
abbes
arvos
aftie
aftos
eclat
aging
oecus
okays
armor
ambos
enrol
aeons
enzed
onyas
appal
epees
arses
ardor
odour
edema
outre
adios
odors
etude
ocher
ochre
biffo
burka
burqa
bogan
bluey
baulk
balks
blase
bonza
bonze
bundy
briar
brier
bused
fiber
fibre
favor
fogey
fecal
fagot
flier
flyer
phony
fayre
furor
feces
fetes
fayer
humor
honor
hanky
hoons
cooee
garbo
gibes
gybes
kerbs
gibed
gybed
cafes
carks
color
galah
kylie
calks
glace
kanga
crocs
krona
grays
greys
czars
goodo
labor
lilly
lupin
liter
litre
miaow
maths
moggy
melee
moldy
mould
moult
molds
molts
mynah
mynas
meows
miter
metre
mitre
matts
nulla
nongs
nanas
niter
nitre
pokie
pilly
plows
pinon
prise
passe
ruble
rager
rigor
regos
rumor
razoo
roues
rorts
saber
sabre
savor
sooky
sooks
zacks
skite
slier
slyer
smoko
spelt
spilt
saute
dyked
dolor
tumor
doona
dunny
drily
dryly
tyres
tsars
vigor
valor
voila
vapor
whirr
whirs
whizz
chook
sheik
chili
shonk
yabby
yakka
youse
